../Core/Src/main.c:73:6:CDC_ReceiveCplt_FS	16	static
../Core/Src/main.c:77:9:_write_to_usb_cdc	16	static
../Core/Src/main.c:83:6:HAL_UART_TxCpltCallback	16	static
../Core/Src/main.c:87:6:HAL_UART_RxCpltCallback	16	static
../Core/Src/main.c:94:14:ymodem_FileCallback	24	static
../Core/Src/main.c:118:5:main	40	static
../Core/Src/main.c:178:6:SystemClock_Config	88	static
../Core/Src/main.c:224:13:MX_SPI3_Init	8	static
../Core/Src/main.c:264:13:MX_USART3_UART_Init	8	static
../Core/Src/main.c:310:13:MX_DMA_Init	16	static
../Core/Src/main.c:338:13:MX_GPIO_Init	48	static
../Core/Src/main.c:390:6:Error_Handler	4	static,ignoring_inline_asm
